// Jest Snapshot v1, https://goo.gl/fbAQLP

exports[`Testing all comorbidities in ComoListComponent.vue List of cardiovascular diseases matches snapshot 1`] = `
Array [
  Object {
    "check": false,
    "comorbidity": "Atrial fibrillation / History of irregular heart beat",
    "glossary": "No extra information.",
  },
  Object {
    "check": false,
    "comorbidity": "Defibrillator / Pacemaker",
    "glossary": "No extra information.",
  },
  Object {
    "check": false,
    "comorbidity": "Coronary artery disease",
    "glossary": "No extra information.",
  },
  Object {
    "check": false,
    "comorbidity": "Cardiac Stent (< 12 months)",
    "glossary": "No extra information.",
  },
  Object {
    "check": false,
    "comorbidity": "History of cerebral disease",
    "glossary": "No extra information.",
  },
  Object {
    "check": false,
    "comorbidity": "History of pulmonary vascular disease",
    "glossary": "No extra information.",
  },
  Object {
    "check": false,
    "comorbidity": "Transient Ischemic Attack (TIA)",
    "glossary": "No extra information.",
  },
  Object {
    "check": false,
    "comorbidity": "Stroke",
    "glossary": "No extra information.",
  },
  Object {
    "check": false,
    "comorbidity": "Valvular heart disease / Valve Replacement",
    "glossary": "No extra information.",
  },
  Object {
    "check": false,
    "comorbidity": "Heart Failure",
    "glossary": "No extra information.",
  },
  Object {
    "check": false,
    "comorbidity": "Peripheral Vascular disease (PVD)",
    "glossary": "No extra information.",
  },
]
`;

exports[`Testing all comorbidities in ComoListComponent.vue List of medications matches snapshot 1`] = `
Array [
  Object {
    "check": false,
    "comorbidity": "Digoxin",
    "glossary": "No extra information.",
  },
  Object {
    "check": false,
    "comorbidity": "Lithium",
    "glossary": "No extra information.",
  },
  Object {
    "check": false,
    "comorbidity": "Diuretics",
    "glossary": "No extra information.",
  },
  Object {
    "check": false,
    "comorbidity": "ACE-I",
    "glossary": "No extra information.",
  },
  Object {
    "check": false,
    "comorbidity": "ARB",
    "glossary": "No extra information.",
  },
  Object {
    "check": false,
    "comorbidity": "NSAIDS",
    "glossary": "No extra information.",
  },
  Object {
    "check": false,
    "comorbidity": "Anticoagulants",
    "glossary": "No extra information.",
  },
  Object {
    "check": false,
    "comorbidity": "Antiplatelet (ASA excluded)",
    "glossary": "No extra information.",
  },
  Object {
    "check": false,
    "comorbidity": "Systemic steroid use within 6 months",
    "glossary": "No extra information.",
  },
]
`;

exports[`Testing all comorbidities in ComoListComponent.vue List of other diseases matches snapshot 1`] = `
Array [
  Object {
    "check": false,
    "comorbidity": "Age > 69 years old",
    "glossary": undefined,
  },
  Object {
    "check": false,
    "comorbidity": ">= 2 risk factors (HTN, Proven OSA, or STOP-BANG >= 5, BMI >= 40",
    "glossary": undefined,
  },
  Object {
    "check": false,
    "comorbidity": "Bleeding disorders",
    "glossary": "• History of extensive investigation due to a bleeding episode. 
• History of extensive bleeding needing transfusion in previous surgeries. 
• Bruising easily more than usual. 
",
  },
  Object {
    "check": false,
    "comorbidity": "History of anemia",
    "glossary": "No extra information.",
  },
  Object {
    "check": false,
    "comorbidity": "History of active bleeding",
    "glossary": "No extra information.",
  },
  Object {
    "check": false,
    "comorbidity": "Chronic kidney disease (eGFR < 60ml/min/1.73m^2)",
    "glossary": undefined,
  },
  Object {
    "check": false,
    "comorbidity": "Diabetes (on Insulin or 2 oral agents)",
    "glossary": "No extra information.",
  },
  Object {
    "check": false,
    "comorbidity": "Present malignancy / surgery for malignancy",
    "glossary": "No extra information.",
  },
  Object {
    "check": false,
    "comorbidity": "Hepatic disease",
    "glossary": "• Alcohol abuse (i.e., female: 14 drinks / week; male: 21 drinks / week). 
• Jaundice due to liver disease. 
• All forms of hepatitis. 
• Cirrhosis; Hepatic cancer. 
",
  },
  Object {
    "check": false,
    "comorbidity": "History of adrenal disease",
    "glossary": "No extra information.",
  },
  Object {
    "check": false,
    "comorbidity": "History of pituitary disease",
    "glossary": "• Acromegaly. 
• Cushing’s disease. 
• Sheehan syndrome. 
• Growth hormone deficiency. 
• Hyper/hypo pituitarism. 
",
  },
  Object {
    "check": false,
    "comorbidity": "History of major systemic endocrine disease",
    "glossary": "(Excluding Diabeties) 
• Parathyroid disease 
• Addison’s disease 
• Cushing’s syndrome 
• Graves’ disease 
",
  },
  Object {
    "check": false,
    "comorbidity": "Thyroid disease or on thyroid supplementation",
    "glossary": undefined,
  },
]
`;

exports[`Testing all comorbidities in ComoListComponent.vue List of pulmonary diseases matches snapshot 1`] = `
Array [
  Object {
    "check": false,
    "comorbidity": "Severe COPD, Home Oxygen, Pulmonary HTN",
    "glossary": "• Spirometric values AND symptomatic assessment should be sought. 
• Post Bronchodilator FEV1: 30 - 50% of predicted; FEV1/FVC < 0.70 
• History of exacerbations (including prior hospitalizations) should be recorded.
• Worsening air flow limitation, greater SOB, reduced exercise capacity, having an impact on quality of life, and ability to complete activities of daily living should be present. 
",
  },
]
`;
